###############################################################################
#
# IAR ELF Linker V2.20.1.176 for STM8                     23/Jun/2020  15:49:30
# Copyright 2010-2015 IAR Systems AB.
#
#    Output file  =  
#        C:\Users\feng\Desktop\[DFR0558]Digital Thermocouple High Temperature
#        Sensor(K-Type)(V1.0)源码\Debug\Exe\iictospi.out
#    Map file     =  
#        C:\Users\feng\Desktop\[DFR0558]Digital Thermocouple High Temperature
#        Sensor(K-Type)(V1.0)源码\Debug\List\iictospi.map
#    Command line =  
#        "C:\Users\feng\Desktop\[DFR0558]Digital Thermocouple High Temperature
#        Sensor(K-Type)(V1.0)源码\Debug\Obj\main.o"
#        "C:\Users\feng\Desktop\[DFR0558]Digital Thermocouple High Temperature
#        Sensor(K-Type)(V1.0)源码\Debug\Obj\spi.o"
#        "C:\Users\feng\Desktop\[DFR0558]Digital Thermocouple High Temperature
#        Sensor(K-Type)(V1.0)源码\Debug\Obj\stm8s_adc1.o"
#        "C:\Users\feng\Desktop\[DFR0558]Digital Thermocouple High Temperature
#        Sensor(K-Type)(V1.0)源码\Debug\Obj\stm8s_awu.o"
#        "C:\Users\feng\Desktop\[DFR0558]Digital Thermocouple High Temperature
#        Sensor(K-Type)(V1.0)源码\Debug\Obj\stm8s_beep.o"
#        "C:\Users\feng\Desktop\[DFR0558]Digital Thermocouple High Temperature
#        Sensor(K-Type)(V1.0)源码\Debug\Obj\stm8s_clk.o"
#        "C:\Users\feng\Desktop\[DFR0558]Digital Thermocouple High Temperature
#        Sensor(K-Type)(V1.0)源码\Debug\Obj\stm8s_exti.o"
#        "C:\Users\feng\Desktop\[DFR0558]Digital Thermocouple High Temperature
#        Sensor(K-Type)(V1.0)源码\Debug\Obj\stm8s_flash.o"
#        "C:\Users\feng\Desktop\[DFR0558]Digital Thermocouple High Temperature
#        Sensor(K-Type)(V1.0)源码\Debug\Obj\stm8s_gpio.o"
#        "C:\Users\feng\Desktop\[DFR0558]Digital Thermocouple High Temperature
#        Sensor(K-Type)(V1.0)源码\Debug\Obj\stm8s_i2c.o"
#        "C:\Users\feng\Desktop\[DFR0558]Digital Thermocouple High Temperature
#        Sensor(K-Type)(V1.0)源码\Debug\Obj\stm8s_it.o"
#        "C:\Users\feng\Desktop\[DFR0558]Digital Thermocouple High Temperature
#        Sensor(K-Type)(V1.0)源码\Debug\Obj\stm8s_itc.o"
#        "C:\Users\feng\Desktop\[DFR0558]Digital Thermocouple High Temperature
#        Sensor(K-Type)(V1.0)源码\Debug\Obj\stm8s_iwdg.o"
#        "C:\Users\feng\Desktop\[DFR0558]Digital Thermocouple High Temperature
#        Sensor(K-Type)(V1.0)源码\Debug\Obj\stm8s_rst.o"
#        "C:\Users\feng\Desktop\[DFR0558]Digital Thermocouple High Temperature
#        Sensor(K-Type)(V1.0)源码\Debug\Obj\stm8s_spi.o"
#        "C:\Users\feng\Desktop\[DFR0558]Digital Thermocouple High Temperature
#        Sensor(K-Type)(V1.0)源码\Debug\Obj\stm8s_tim1.o"
#        "C:\Users\feng\Desktop\[DFR0558]Digital Thermocouple High Temperature
#        Sensor(K-Type)(V1.0)源码\Debug\Obj\stm8s_tim2.o"
#        "C:\Users\feng\Desktop\[DFR0558]Digital Thermocouple High Temperature
#        Sensor(K-Type)(V1.0)源码\Debug\Obj\stm8s_tim4.o"
#        "C:\Users\feng\Desktop\[DFR0558]Digital Thermocouple High Temperature
#        Sensor(K-Type)(V1.0)源码\Debug\Obj\stm8s_uart1.o"
#        "C:\Users\feng\Desktop\[DFR0558]Digital Thermocouple High Temperature
#        Sensor(K-Type)(V1.0)源码\Debug\Obj\stm8s_wwdg.o" --redirect
#        _Printf=_PrintfSmall --redirect _Scanf=_ScanfSmall -o
#        "C:\Users\feng\Desktop\[DFR0558]Digital Thermocouple High Temperature
#        Sensor(K-Type)(V1.0)源码\Debug\Exe\iictospi.out" --map
#        "C:\Users\feng\Desktop\[DFR0558]Digital Thermocouple High Temperature
#        Sensor(K-Type)(V1.0)源码\Debug\List\iictospi.map" --config "C:\Program
#        Files (x86)\IAR Systems\Embedded Workbench
#        7.3\stm8\config\lnkstm8s103f3.icf" --config_def _CSTACK_SIZE=0x100
#        --config_def _HEAP_SIZE=0x100 --entry __iar_program_start --debug_lib
#
###############################################################################

*******************************************************************************
*** RUNTIME MODEL ATTRIBUTES
***

__SystemLibrary            = DLib
__code_model               = small
__core                     = stm8
__data_model               = medium
__dlib_file_descriptor     = 0
__dlib_full_locale_support = 0
__rt_version               = 4


*******************************************************************************
*** PLACEMENT SUMMARY
***

"A1":  place at start of [0x000000-0x0000ff] { rw section .vregs };
"A2":  place at end of [0x000000-0x0003ff] { block CSTACK };
"P2":  place in [from 0x000000 to 0x0003ff] {
          block HEAP, rw section __DLIB_PERTHREAD, rw section .far.bss,
          rw section .far.data, rw section .far.noinit,
          rw section .far_func.textrw, rw section .huge.bss,
          rw section .huge.data, rw section .huge.noinit,
          rw section .huge_func.textrw, rw section .iar.dynexit,
          rw section .near.bss, rw section .near.data, rw section .near.noinit,
          rw section .near_func.textrw };
"A3":  place at start of [0x008000-0x009fff] { block INTVEC };
"P3":  place in [from 0x008000 to 0x009fff] {
          ro section __DLIB_PERTHREAD_init, ro section .far.data_init,
          ro section .far_func.textrw_init, ro section .huge.data_init,
          ro section .huge_func.textrw_init, ro section .iar.init_table,
          ro section .init_array, ro section .near.data_init,
          ro section .near.rodata, ro section .near_func.text,
          ro section .near_func.textrw_init, ro section .tiny.data_init,
          ro section .tiny.rodata_init };

  Section          Kind      Address   Size  Object
  -------          ----      -------   ----  ------
"A1":                                  0x10
  .vregs           uninit   0x000000   0x10  vregs.o [4]
                          - 0x000010   0x10

"P2":                                  0x87
  .near.bss        zero     0x000010   0x80  main.o [1]
  .near.bss        zero     0x000090    0x2  main.o [1]
  .near.bss        zero     0x000092    0x2  main.o [1]
  .near.bss        zero     0x000094    0x1  main.o [1]
  .near.bss        zero     0x000095    0x1  main.o [1]
  .near.bss        zero     0x000096    0x1  main.o [1]
                          - 0x000097   0x87

"A2":                                 0x100
  CSTACK                    0x000300  0x100  <Block>
    CSTACK         uninit   0x000300  0x100  <Block tail>
                          - 0x000400  0x100

"A3":                                  0x80
  INTVEC                    0x008000   0x80  <Block>
    .intvec        const    0x008000   0x80  interrupt.o [4]
                          - 0x008080   0x80

"P3":                                 0x85c
  .near_func.text  ro code  0x008080  0x134  stm8s_uart1.o [1]
  .near_func.text  ro code  0x0081b4  0x12b  long.o [4]
  .near_func.text  ro code  0x0082df   0xd2  vreg_util.o [4]
  .near_func.text  ro code  0x0083b1   0xaf  stm8s_gpio.o [1]
  .near_func.text  ro code  0x008460   0x6c  stm8s_uart1.o [1]
  .near_func.text  ro code  0x0084cc   0x5c  main.o [1]
  .near_func.text  ro code  0x008528   0x57  stm8s_clk.o [1]
  .near_func.text  ro code  0x00857f   0x47  main.o [1]
  .near_func.text  ro code  0x0085c6   0x47  long_util.o [4]
  .near_func.text  ro code  0x00860d   0x45  main.o [1]
  .near_func.text  ro code  0x008652   0x3d  stm8s_spi.o [1]
  .near_func.text  ro code  0x00868f   0x38  stm8s_spi.o [1]
  .near_func.text  ro code  0x0086c7   0x32  stm8s_uart1.o [1]
  .near_func.text  ro code  0x0086f9   0x2d  stm8s_uart1.o [1]
  .near_func.text  ro code  0x008726   0x27  main.o [1]
  .near_func.text  ro code  0x00874d   0x25  dc_util.o [4]
  .near_func.text  ro code  0x008772   0x22  main.o [1]
  .iar.init_table  const    0x008794    0x8  - Linker created -
  .near_func.text  ro code  0x00879c   0x1e  init_small.o [4]
  .near_func.text  ro code  0x0087ba   0x17  init.o [4]
  .near_func.text  ro code  0x0087d1   0x16  main.o [1]
  .near_func.text  ro code  0x0087e7   0x16  stm8s_it.o [1]
  .near_func.text  ro code  0x0087fd   0x16  stm8s_it.o [1]
  .near_func.text  ro code  0x008813   0x15  stm8s_spi.o [1]
  .near_func.text  ro code  0x008828   0x14  __dbg_xxexit.o [3]
  .near_func.text  ro code  0x00883c   0x13  main.o [1]
  .near_func.text  ro code  0x00884f   0x13  stm8s_clk.o [1]
  .near_func.text  ro code  0x008862   0x13  cstartup.o [4]
  .near_func.text  ro code  0x008875    0xf  stm8s_uart1.o [1]
  .near_func.text  ro code  0x008884    0xe  main.o [1]
  .near_func.text  ro code  0x008892    0xd  stm8s_uart1.o [1]
  .near_func.text  ro code  0x00889f    0xd  short.o [4]
  .near_func.text  ro code  0x0088ac    0x5  cexit.o [4]
  .near.rodata     const    0x0088b1    0x4  stm8s_clk.o [1]
  .near_func.text  ro code  0x0088b5    0x4  stm8s_gpio.o [1]
  .near_func.text  ro code  0x0088b9    0x4  stm8s_uart1.o [1]
  .near_func.text  ro code  0x0088bd    0x3  interrupt.o [4]
  .near_func.text  ro code  0x0088c0    0x3  low_level_init.o [4]
  .near_func.text  ro code  0x0088c3    0x3  exit.o [4]
  .near_func.text  ro code  0x0088c6    0x3  unhandled_exception.o [4]
  .near_func.text  ro code  0x0088c9    0x1  stm8s_it.o [1]
  .near_func.text  ro code  0x0088ca    0x1  stm8s_it.o [1]
  .near_func.text  ro code  0x0088cb    0x1  stm8s_it.o [1]
  .near_func.text  ro code  0x0088cc    0x1  stm8s_it.o [1]
  .near_func.text  ro code  0x0088cd    0x1  stm8s_it.o [1]
  .near_func.text  ro code  0x0088ce    0x1  stm8s_it.o [1]
  .near_func.text  ro code  0x0088cf    0x1  stm8s_it.o [1]
  .near_func.text  ro code  0x0088d0    0x1  stm8s_it.o [1]
  .near_func.text  ro code  0x0088d1    0x1  stm8s_it.o [1]
  .near_func.text  ro code  0x0088d2    0x1  stm8s_it.o [1]
  .near_func.text  ro code  0x0088d3    0x1  stm8s_it.o [1]
  .near_func.text  ro code  0x0088d4    0x1  stm8s_it.o [1]
  .near_func.text  ro code  0x0088d5    0x1  stm8s_it.o [1]
  .near_func.text  ro code  0x0088d6    0x1  stm8s_it.o [1]
  .near_func.text  ro code  0x0088d7    0x1  stm8s_it.o [1]
  .near_func.text  ro code  0x0088d8    0x1  stm8s_it.o [1]
  .near_func.text  ro code  0x0088d9    0x1  stm8s_it.o [1]
  .near_func.text  ro code  0x0088da    0x1  stm8s_it.o [1]
  .near_func.text  ro code  0x0088db    0x1  __dbg_break.o [3]
                          - 0x0088dc  0x85c


*******************************************************************************
*** INIT TABLE
***

          Address   Size
          -------   ----
Zero (__iar_zero_init2)
    1 destination range, total size 0x87:
          0x000010  0x87



*******************************************************************************
*** MODULE SUMMARY
***

    Module                 ro code  ro data  rw data
    ------                 -------  -------  -------
C:\Users\feng\Desktop\[DFR0558]Digital Thermocouple High Temperature Sensor(K-Type)(V1.0)源码\Debug\Obj: [1]
    main.o                     360               135
    stm8s_clk.o                106        4
    stm8s_gpio.o               179
    stm8s_it.o                  62
    stm8s_spi.o                138
    stm8s_uart1.o              543
    ------------------------------------------------
    Total:                   1 388        4      135

command line: [2]
    ------------------------------------------------
    Total:

dbgstm8smd.a: [3]
    __dbg_break.o                1
    __dbg_xxexit.o              20
    ------------------------------------------------
    Total:                      21

dlstm8smn.a: [4]
    cexit.o                      5
    cstartup.o                  19
    dc_util.o                   37
    exit.o                       3
    init.o                      23
    init_small.o                30
    interrupt.o                  3      128
    long.o                     299
    long_util.o                 71
    low_level_init.o             3
    short.o                     13
    unhandled_exception.o        3
    vreg_util.o                210
    vregs.o                                       16
    ------------------------------------------------
    Total:                     719      128       16

    Linker created                        8      256
----------------------------------------------------
    Grand Total:             2 128      140      407


*******************************************************************************
*** ENTRY LIST
***

Entry                    Address   Size  Type      Object
-----                    -------   ----  ----      ------
.iar.init_table$$Base   0x008794          --   Gb  - Linker created -
.iar.init_table$$Limit  0x00879c          --   Gb  - Linker created -
?b0                     0x000000         Data  Gb  vregs.o [4]
?b1                     0x000001         Data  Gb  vregs.o [4]
?b10                    0x00000a         Data  Gb  vregs.o [4]
?b11                    0x00000b         Data  Gb  vregs.o [4]
?b12                    0x00000c         Data  Gb  vregs.o [4]
?b13                    0x00000d         Data  Gb  vregs.o [4]
?b14                    0x00000e         Data  Gb  vregs.o [4]
?b15                    0x00000f         Data  Gb  vregs.o [4]
?b2                     0x000002         Data  Gb  vregs.o [4]
?b3                     0x000003         Data  Gb  vregs.o [4]
?b4                     0x000004         Data  Gb  vregs.o [4]
?b5                     0x000005         Data  Gb  vregs.o [4]
?b6                     0x000006         Data  Gb  vregs.o [4]
?b7                     0x000007         Data  Gb  vregs.o [4]
?b8                     0x000008         Data  Gb  vregs.o [4]
?b9                     0x000009         Data  Gb  vregs.o [4]
?dc32_l0                0x00874d         Code  Gb  dc_util.o [4]
?dc32_l1                0x00875a         Code  Gb  dc_util.o [4]
?dc32_px                0x008767         Code  Gb  dc_util.o [4]
?e0                     0x000001         Data  Gb  vregs.o [4]
?e1                     0x000005         Data  Gb  vregs.o [4]
?e2                     0x000009         Data  Gb  vregs.o [4]
?e3                     0x00000d         Data  Gb  vregs.o [4]
?epilogue_l2            0x00835f         Code  Gb  vreg_util.o [4]
?epilogue_l2_l3         0x00835c         Code  Gb  vreg_util.o [4]
?l0                     0x000000         Data  Gb  vregs.o [4]
?l1                     0x000004         Data  Gb  vregs.o [4]
?l2                     0x000008         Data  Gb  vregs.o [4]
?l3                     0x00000c         Data  Gb  vregs.o [4]
?load32_0x_l0           0x0085ff         Code  Gb  long_util.o [4]
?load32_asp_l0          0x0085f3         Code  Gb  long_util.o [4]
?load32_dbsp_l0         0x0085ee         Code  Gb  long_util.o [4]
?load32_l0_0x           0x0085d6         Code  Gb  long_util.o [4]
?load32_l0_asp          0x0085cb         Code  Gb  long_util.o [4]
?load32_l0_dbsp         0x0085c6         Code  Gb  long_util.o [4]
?load32_l0_xsp          0x0085cd         Code  Gb  long_util.o [4]
?load32_l1_0x           0x0085e2         Code  Gb  long_util.o [4]
?load32_xsp_l0          0x0085f5         Code  Gb  long_util.o [4]
?mov_e0_e2              0x008366         Code  Gb  vreg_util.o [4]
?mov_e0_e3              0x008373         Code  Gb  vreg_util.o [4]
?mov_e1_e0              0x008380         Code  Gb  vreg_util.o [4]
?mov_e1_e2              0x00838d         Code  Gb  vreg_util.o [4]
?mov_e2_e0              0x00839a         Code  Gb  vreg_util.o [4]
?mov_e3_e0              0x0083a7         Code  Gb  vreg_util.o [4]
?mov_l0_l2              0x008363         Code  Gb  vreg_util.o [4]
?mov_l0_l3              0x008370         Code  Gb  vreg_util.o [4]
?mov_l1_l0              0x00837d         Code  Gb  vreg_util.o [4]
?mov_l1_l2              0x00838a         Code  Gb  vreg_util.o [4]
?mov_l2_l0              0x008397         Code  Gb  vreg_util.o [4]
?mov_l3_l0              0x0083a4         Code  Gb  vreg_util.o [4]
?mov_w1_w5              0x008369         Code  Gb  vreg_util.o [4]
?mov_w1_w7              0x008376         Code  Gb  vreg_util.o [4]
?mov_w3_w1              0x008383         Code  Gb  vreg_util.o [4]
?mov_w3_w5              0x008390         Code  Gb  vreg_util.o [4]
?mov_w5_w1              0x00839d         Code  Gb  vreg_util.o [4]
?mov_w7_w1              0x0083aa         Code  Gb  vreg_util.o [4]
?mul32_l0_l0_0x         0x0081d2         Code  Gb  long.o [4]
?mul32_l0_l0_dl         0x0081cf         Code  Gb  long.o [4]
?mul32_l0_l0_l1         0x0081db         Code  Gb  long.o [4]
?pop_l0                 0x008328         Code  Gb  vreg_util.o [4]
?pop_l1                 0x008333         Code  Gb  vreg_util.o [4]
?pop_l2                 0x00833e         Code  Gb  vreg_util.o [4]
?pop_l3                 0x008349         Code  Gb  vreg_util.o [4]
?push_l0                0x0082f7         Code  Gb  vreg_util.o [4]
?push_l1                0x0082fc         Code  Gb  vreg_util.o [4]
?push_l2                0x008301         Code  Gb  vreg_util.o [4]
?push_l3                0x008306         Code  Gb  vreg_util.o [4]
?push_w4                0x0082df         Code  Gb  vreg_util.o [4]
?sll16_x_x_a            0x00889f         Code  Gb  short.o [4]
?sll32_0x_0x_a          0x0082d1         Code  Gb  long.o [4]
?sll32_l0_l0_a          0x0082ce         Code  Gb  long.o [4]
?srl16_x_x_4            0x0088a7         Code  Gb  short.o [4]
?sub32_l0_l0_0x         0x0081b7         Code  Gb  long.o [4]
?sub32_l0_l0_l1         0x0081b4         Code  Gb  long.o [4]
?udiv32_l0_dl_l1        0x008259         Code  Gb  long.o [4]
?udiv32_l0_l0_dl        0x00825e         Code  Gb  long.o [4]
?udiv32_l0_l0_l1        0x008261         Code  Gb  long.o [4]
?umod32_l1_l0_l1        0x008261         Code  Gb  long.o [4]
?w0                     0x000000         Data  Gb  vregs.o [4]
?w1                     0x000002         Data  Gb  vregs.o [4]
?w2                     0x000004         Data  Gb  vregs.o [4]
?w3                     0x000006         Data  Gb  vregs.o [4]
?w4                     0x000008         Data  Gb  vregs.o [4]
?w5                     0x00000a         Data  Gb  vregs.o [4]
?w6                     0x00000c         Data  Gb  vregs.o [4]
?w7                     0x00000e         Data  Gb  vregs.o [4]
ADC1_IRQHandler         0x0088d8    0x1  Code  Gb  stm8s_it.o [1]
AWU_IRQHandler          0x0088cb    0x1  Code  Gb  stm8s_it.o [1]
CLK_GetClockFreq        0x008528   0x57  Code  Gb  stm8s_clk.o [1]
CLK_HSIPrescalerConfig  0x00884f   0x13  Code  Gb  stm8s_clk.o [1]
CLK_IRQHandler          0x0088cc    0x1  Code  Gb  stm8s_it.o [1]
CSTACK$$Base            0x000300          --   Gb  - Linker created -
CSTACK$$Limit           0x000400          --   Gb  - Linker created -
EEPROM_EEC_IRQHandler   0x0088da    0x1  Code  Gb  stm8s_it.o [1]
EXTI_PORTA_IRQHandler   0x0088cd    0x1  Code  Gb  stm8s_it.o [1]
EXTI_PORTB_IRQHandler   0x0088ce    0x1  Code  Gb  stm8s_it.o [1]
EXTI_PORTC_IRQHandler   0x0088cf    0x1  Code  Gb  stm8s_it.o [1]
EXTI_PORTD_IRQHandler   0x0088d0    0x1  Code  Gb  stm8s_it.o [1]
EXTI_PORTE_IRQHandler   0x0088d1    0x1  Code  Gb  stm8s_it.o [1]
GPIO_Init               0x0083b1   0xaf  Code  Gb  stm8s_gpio.o [1]
GPIO_WriteLow           0x0088b5    0x4  Code  Gb  stm8s_gpio.o [1]
HSIDivFactor            0x0088b1    0x4  Data  Gb  stm8s_clk.o [1]
I2C_IRQHandler          0x0087fd   0x16  Code  Gb  stm8s_it.o [1]
I2C_Slave_check_event_ISR
                        0x0084cc   0x5c  Code  Gb  main.o [1]
I2C_byte_received       0x00864d    0x5  Code  Gb  main.o [1]
INTVEC$$Base            0x008000          --   Gb  - Linker created -
INTVEC$$Limit           0x008080          --   Gb  - Linker created -
Region$$Table$$Base     0x008794          --   Gb  - Linker created -
Region$$Table$$Limit    0x00879c          --   Gb  - Linker created -
SPI_Cmd                 0x008652    0xd  Code  Gb  stm8s_spi.o [1]
SPI_DeInit              0x008813   0x15  Code  Gb  stm8s_spi.o [1]
SPI_IRQHandler          0x0087e7   0x16  Code  Gb  stm8s_it.o [1]
SPI_ITConfig            0x00865f   0x28  Code  Gb  stm8s_spi.o [1]
SPI_Init                0x00868f   0x38  Code  Gb  stm8s_spi.o [1]
SPI_ReceiveData         0x00868b    0x4  Code  Gb  stm8s_spi.o [1]
SPI_SendData            0x008687    0x4  Code  Gb  stm8s_spi.o [1]
SPI_Slave_check_event_ISR
                        0x00883c   0x13  Code  Gb  main.o [1]
TIM1_CAP_COM_IRQHandler
                        0x0088d3    0x1  Code  Gb  stm8s_it.o [1]
TIM1_UPD_OVF_TRG_BRK_IRQHandler
                        0x0088d2    0x1  Code  Gb  stm8s_it.o [1]
TIM2_CAP_COM_IRQHandler
                        0x0088d5    0x1  Code  Gb  stm8s_it.o [1]
TIM2_UPD_OVF_BRK_IRQHandler
                        0x0088d4    0x1  Code  Gb  stm8s_it.o [1]
TIM4_UPD_OVF_IRQHandler
                        0x0088d9    0x1  Code  Gb  stm8s_it.o [1]
TLI_IRQHandler          0x0088ca    0x1  Code  Gb  stm8s_it.o [1]
TRAP_IRQHandler         0x0088c9    0x1  Code  Gb  stm8s_it.o [1]
UART1_ClearITPendingBit
                        0x008875    0xf  Code  Gb  stm8s_uart1.o [1]
UART1_Cmd               0x008892    0xd  Code  Gb  stm8s_uart1.o [1]
UART1_DeInit            0x0086f9   0x2d  Code  Gb  stm8s_uart1.o [1]
UART1_GetFlagStatus     0x0086c7   0x32  Code  Gb  stm8s_uart1.o [1]
UART1_ITConfig          0x008460   0x6c  Code  Gb  stm8s_uart1.o [1]
UART1_Init              0x008080  0x134  Code  Gb  stm8s_uart1.o [1]
UART1_RX_IRQHandler     0x0088d7    0x1  Code  Gb  stm8s_it.o [1]
UART1_SendData8         0x0088b9    0x4  Code  Gb  stm8s_uart1.o [1]
UART1_TX_IRQHandler     0x0088d6    0x1  Code  Gb  stm8s_it.o [1]
__DebugBreak            0x0088db    0x1  Code  Gb  __dbg_break.o [3]
__exit                  0x008828   0x14  Code  Gb  __dbg_xxexit.o [3]
__iar_data_init2        0x0087ba   0x17  Code  Gb  init.o [4]
__iar_program_start     0x008862         Code  Gb  cstartup.o [4]
__iar_unhandled_exception
                        0x0088c6         Code  Gb  unhandled_exception.o [4]
__iar_zero_init2        0x00879c         Code  Gb  init_small.o [4]
__intvec                0x008000         Data  Gb  interrupt.o [4]
__low_level_init        0x0088c0    0x3  Code  Gb  low_level_init.o [4]
_exit                   0x0088ac         Code  Gb  cexit.o [4]
_interrupt_1            0x0088c9         Code  Gb  stm8s_it.o [1]
_interrupt_12           0x0087e7         Code  Gb  stm8s_it.o [1]
_interrupt_13           0x0088d2         Code  Gb  stm8s_it.o [1]
_interrupt_14           0x0088d3         Code  Gb  stm8s_it.o [1]
_interrupt_15           0x0088d4         Code  Gb  stm8s_it.o [1]
_interrupt_16           0x0088d5         Code  Gb  stm8s_it.o [1]
_interrupt_19           0x0088d6         Code  Gb  stm8s_it.o [1]
_interrupt_2            0x0088ca         Code  Gb  stm8s_it.o [1]
_interrupt_20           0x0088d7         Code  Gb  stm8s_it.o [1]
_interrupt_21           0x0087fd         Code  Gb  stm8s_it.o [1]
_interrupt_24           0x0088d8         Code  Gb  stm8s_it.o [1]
_interrupt_25           0x0088d9         Code  Gb  stm8s_it.o [1]
_interrupt_26           0x0088da         Code  Gb  stm8s_it.o [1]
_interrupt_3            0x0088cb         Code  Gb  stm8s_it.o [1]
_interrupt_4            0x0088cc         Code  Gb  stm8s_it.o [1]
_interrupt_5            0x0088cd         Code  Gb  stm8s_it.o [1]
_interrupt_6            0x0088ce         Code  Gb  stm8s_it.o [1]
_interrupt_7            0x0088cf         Code  Gb  stm8s_it.o [1]
_interrupt_8            0x0088d0         Code  Gb  stm8s_it.o [1]
_interrupt_9            0x0088d1         Code  Gb  stm8s_it.o [1]
_tx_buffer              0x000010   0x80  Data  Gb  main.o [1]
_tx_buffer_head         0x000090    0x2  Data  Gb  main.o [1]
_tx_buffer_tail         0x000092    0x2  Data  Gb  main.o [1]
exit                    0x0088c3    0x3  Code  Gb  exit.o [4]
main                    0x008772   0x22  Code  Gb  main.o [1]
spi_init                0x008726   0x27  Code  Gb  main.o [1]
spi_wr_cmd              0x0087d1   0x16  Code  Gb  main.o [1]
uart1_txdata            0x008884    0xe  Code  Gb  main.o [1]
uart_init               0x00857f   0x47  Code  Gb  main.o [1]
write_buffer            0x00860d   0x40  Code  Gb  main.o [1]


[1] = C:\Users\feng\Desktop\[DFR0558]Digital Thermocouple High Temperature Sensor(K-Type)(V1.0)源码\Debug\Obj
[2] = command line
[3] = dbgstm8smd.a
[4] = dlstm8smn.a

  2 128 bytes of readonly  code memory
    140 bytes of readonly  data memory
    407 bytes of readwrite data memory

Errors: none
Warnings: none
